
****************************************************************
****************************************************************
**                                                            **
**                                                            **
**        CCC     OO      SSS    M    M     OO      SSS       **
**       C       O  O    S       MM  MM    O  O    S          **
**       C       O  O     SS     M MM M    O  O     SS        **
**       C       O  O       S    M    M    O  O       S       **
**        CCC     OO     SSS     M    M     OO     SSS        **
**                                                            **
**                                                            **
**             SOLIDWORKS Simulation 2025 SP4.1               **
**                 Simulation Premium Package                 **
**           Distributed By: SOLIDWORKS Corporation           **
**               21255 Burbank Blvd Suite 400                 **
**               Woodland Hills, California 91367             **
**               Telephone Number (774)556-3100               **
**         Copyright 1988-2018 SOLIDWORKS Corporation         **
**                                                            **
****************************************************************
****************************************************************

Problem name: C:\Users\bexte\Geng 360 shtuff\geng360-k
Date        : 04/04/2026     Time:   03:36:08


 SYSTEM OF UNITS:
 International System of Units, SI, is used for all input/output data.
 Common Quantities:
 Length:meter, Mass:kilogram, Time:second, Temperature:kelvin
 Force:newton, Pressure also stress:pascal, Energy:joule, Power:watt

 NUMBER OF PHYSICAL CORES USED TO RUN SIMULATION:  6

    -------------------------------------------------------------------------
    |            M A S S   M O M E N T   I N F O R M A T I O N              |
    |-----------------------------------------------------------------------|
    |MASS    0.251910E-01   |VOLUME  0.933000E-05   |WEIGHT  0.247124E+00   |
    |-----------------------------------------------------------------------|
    | MASS MOMENT OF INERTIA W.R.T. C.G.                                    |
    |-----------------------------------------------------------------------|
    |IX      0.203049E-03   |IY      0.203337E-03   |IZ      0.309054E-06   |
    |-----------------------------------------------------------------------|
    | MASS PRODUCT OF INERTIA W.R.T. C.G.                                   |
    |-----------------------------------------------------------------------|
    |PXY    -0.257249E-10   |PXZ    -0.401768E-10   |PYZ     0.770822E-11   |
    |-----------------------------------------------------------------------|
    | RADII OF GYRATION W.R.T. C.G.                                         |
    |-----------------------------------------------------------------------|
    |RX      0.897796E-01   |RY      0.898432E-01   |RZ      0.350263E-02   |
    |-----------------------------------------------------------------------|
    | CENTER OF GRAVITY                                                     |
    |-----------------------------------------------------------------------|
    |CGx     0.600000E-02   |CGy     0.125000E-02   |CGz     0.155500E+00   |
    |-----------------------------------------------------------------------|
    | PRINCIPAL MASS MOMENT OF INERTIA                                      |
    |-----------------------------------------------------------------------|
    |P1      0.203337E-03   |P2      0.203049E-03   |P3      0.309045E-06   |
    |-----------------------------------------------------------------------|
    | PRINCIPAL RADII OF GYRATION                                           |
    |-----------------------------------------------------------------------|
    |R1      0.898432E-01   |R2      0.897797E-01   |R3      0.350258E-02   |
    |-----------------------------------------------------------------------|
    | PRINCIPAL AXES (DIRECTION COSINES IN ROWS W.R.T C.G)                  |
    |-----------------------------------------------------------------------|
    |N_11    0.996835E+00   |N_12   -0.795014E-01   |N_13    0.200280E-06   |
    |-----------------------------------------------------------------------|
    |N_21    0.100000E+01   |N_22   -0.894533E-04   |N_23    0.198172E-06   |
    |-----------------------------------------------------------------------|
    |N_31   -0.157370E-07   |N_32    0.273550E-08   |N_33    0.794122E-01   |
    -------------------------------------------------------------------------

    Note: In the above table, WEIGHT is computed based on the user
          defined acceleration for the first Load Case




  C O N T R O L  I N F O R M A T I O N                  

   CURRENT RESTRAINT SET . . . . . . . . . . . (BC_SET)  =           1

   NUMBER OF LOAD CASES  . . . . . . . . . . . (NLCASE)  =           1
   SOLUTION MODE . . . . . . . . . . . . . . . (MODEX)   =           0
      EQ. 0, STATIC ANALYSIS                              
      EQ. 1, BUCKLING ANALYSIS                            
      EQ. 2, DYNAMIC ANALYSIS                             
      EQ. 3, DROP TEST                                    

   SOLVER TYPE . . . . . . . . . . . . . . . . .(ISOL)   =           5
      EQ. 0, DIRECT SPARSE SOLVER                         
      EQ. 1, DIRECT SKYLINE SOLVER                        
      EQ. 2, ITERATIVE SOLVER                             
      EQ. 3, EXPLICIT INTEGRATION                         
      EQ. 4, LARGE PROBLEM DIRECT SPARSE SOLVER           
      EQ. 5, INTEL DIRECT SPARSE SOLVER                   
      EQ. 6, INTEL NETWORK SPARSE SOLVER                  
      EQ. 7, SINGULAR VALUE DECOMPOSTION (SVD)            

   THERMAL LOADING FLAG . . . . . . . . . . . .(ITHERM)  =           0
      EQ. 0, NO THERMAL EFFECTS CONSIDERED                
      EQ. 1, ADD TEMPERATURE EFFECT                       
   GRAVITY LOADING FLAG . . . . . . . . . . . .(IGRAV)   =           1
      EQ. 0, NO GRAVITY LOADING CONSIDERED                
      EQ. 1, ADD GRAVITY LOADING EFFECT                   
   CENTRIFUGAL LOADING FLAG . . . . . . . . . .(ICNTRF)  =           0
      EQ. 0, NO CENTRIFUGAL LOADING CONSIDERED            
      EQ. 1, ADD CENTRIFUGAL LOADING EFFECT               
   IN-PLANE STIFFENING FLAG . . . . . . . . . .(INPLN)   =           0
      EQ. 0, NO IN-PLANE EFFECTS CONSIDERED               
      EQ. 1, IN-PLANE EFFECTS CONSIDERED                  
   SOFT SPRING ADDITION FLAG . . . . . . . . . (ISOFT)   =           0
      EQ. 0, NO SOFT SPRING OPTION                        
      EQ. 1, SOFT SPRING ADDED                            

   SAVE DECOMPOSED STIFFNESS MATRIX FLAG . . . (ISAVK)   =           0
      EQ. 0, DO NOT SAVE DECOMPOSED K                     
      EQ. 1, SAVE DECOMPOSED K                            
   FORM STIFFNESS MATRIX FLAG . . . . . . . . .(IFORMK)  =           0
      EQ. 0, FORM STIFFNESS MATRIX                        
      EQ. 1, USE EXISTING DECOMPOSED STIFFNESS MATRIX     

   SPIN SOFTENING FLAG . . . . . . . . . . . . (ISPIN)   =           0
      EQ. 0, NO SPIN SOFTENING EFFECTS CONSIDERED         
      EQ. 1, SPIN SOFTENING EFFECTS CONSIDERED            
   INERTIA RELIEF FLAG  . . . . . . . . . . . .(IFORMK)  =           0
      EQ. 0, NO INERITA RELIEF EFFECTS CONSIDERED         
      EQ. 1, INERITA RELIEF EFFECTS CONSIDERED            
   RIGID CONNECTIONS FLAG  . . . . . . . . . . (IRIGID)  =           0
      EQ. 0, HINGE CONNECTIONS BETWEEN SOLIDS & SHELLS    
      EQ. 1, RIGID CONNECTIONS BETWEEN SOLIDS & SHELLS    


  T O T A L  S Y S T E M  D A T A                        
   NUMBER OF EQUATIONS . . . . . . . . . . . . . .(NEQ)  =       51705
   MEAN HALF BANDWIDTH . . . . . . . . . . . . . .(MM )  =          86
   NUMBER OF ELEMENTS. . . . . . . . . . . . . . .(NUME) =        9615
   NUMBER OF NODAL POINTS. . . . . . . . . . . . .(NUMNP)=       17274

   ORIGINAL NO. OF MATRIX ELEMENTS . . . . . . . .(NWK)  =     1898664




************************************************************************
    D I S P L A C E M E N T     P R I N T O U T    (LOAD CASE     1)
************************************************************************




************************************************************************
    D I S P L A C E M E N T     P R I N T O U T    (LOAD CASE     1)
************************************************************************


  STATUS OF THERMAL EFFECTS FOR THIS LOAD CASE:
  ---------------------------------------------

    - Thermal flag is off (no thermal effect)



  S O L U T I O N   T I M E   L O G   I N   S E C
            FOR PROBLEM
     TIME FOR INPUT PHASE  . . . . . . . . . . . . . . =       0
     TIME FOR CALCULATION OF STRUCTURE STIFFNESS MATRIX=       0
     TIME FOR INTEL DIRECT SPARSE SOLVER . . . . . . . =       0

     TIME FOR LCP CONTACT (AND/OR LRG DISP) OPERATIONS (Prep) . . =       4
     ***** ITERATION NUMBER ***** . . . . . . . . =       1
     TIME FOR CALCULATION OF STRUCTURE STIFFNESS MATRIX . . . . . =     331
     TIME FOR INTEL DIRECT SPARSE SOLVER . . . . . . . . . . . . .=     320
     TIME FOR LCP CONTACT(AND/OR LRG DISP) OPERATIONS(Convrg chk) =       2

     ***** ITERATION NUMBER ***** . . . . . . . . =       2
     TIME FOR CALCULATION OF STRUCTURE STIFFNESS MATRIX . . . . . =     321
     TIME FOR INTEL DIRECT SPARSE SOLVER . . . . . . . . . . . . .=     300
     TIME FOR LCP CONTACT(AND/OR LRG DISP) OPERATIONS(Convrg chk) =       0


   LOAD FACTOR =   0.5000E+00
   ***************************


 TOTAL STRAIN ENERGY. . . . . . . . . . . =  0.133405E-02

             D I S P L A C E M E N T S

     NODE X-DISPL.     Y-DISPL.     Z-DISPL.     XX-ROT.      YY-ROT.      ZZ-ROT.


 MINIMUM/MAXIMUM DISPLACEMENTS

  NODE       146         1338            6            1            1            1
  MIN.  -3.64182E-07 -4.96825E-03 -7.71697E-05   0.0000       0.0000       0.0000    

  NODE       291        15013          242        17274        17274        17274
  MAX.   3.66454E-07  4.54009E-08  1.36922E-05   0.0000       0.0000       0.0000    

 MAXIMUM RESULTANT DISPLACEMENT

  NODE      1338
  MAX.   4.96828E-03


         R E A C T I O N   F O R C E

  TOTAL   CSYS         FX             FY             FZ
           0       -.2347E-06     0.6142         -.5960E-06

 TOTAL STRAIN ENERGY. . . . . . . . . . . =  0.133401E-02



********************************************************************************
 MAXIMUM NODAL VON MISES STRESS & ERROR ESTIMATE FOR LOAD CASE   1
********************************************************************************

  NODE     17156
  MAX.     0.13548E+08
     TIME FOR LCP CONTACT (AND/OR LRG DISP) OPERATIONS (Results) .=     492

     TIME FOR LCP CONTACT (AND/OR LRG DISP) OPERATIONS (Prep) . . =       0
     TIME FOR CALCULATION OF STRUCTURE STIFFNESS MATRIX . . . . . =     270
     TIME FOR INTEL DIRECT SPARSE SOLVER . . . . . . . . . . . . .=     286
     TIME FOR LCP CONTACT(AND/OR LRG DISP) OPERATIONS(Convrg chk) =       1

     ***** ITERATION NUMBER ***** . . . . . . . . =       1
     TIME FOR CALCULATION OF STRUCTURE STIFFNESS MATRIX . . . . . =     315
     TIME FOR INTEL DIRECT SPARSE SOLVER . . . . . . . . . . . . .=     310
     TIME FOR LCP CONTACT(AND/OR LRG DISP) OPERATIONS(Convrg chk) =       0

     ***** ITERATION NUMBER ***** . . . . . . . . =       2
     TIME FOR CALCULATION OF STRUCTURE STIFFNESS MATRIX . . . . . =     326
     TIME FOR INTEL DIRECT SPARSE SOLVER . . . . . . . . . . . . .=     295
     TIME FOR LCP CONTACT(AND/OR LRG DISP) OPERATIONS(Convrg chk) =       0


   LOAD FACTOR =   0.1000E+01
   ***************************


 TOTAL STRAIN ENERGY. . . . . . . . . . . =  0.533316E-02

             D I S P L A C E M E N T S

     NODE X-DISPL.     Y-DISPL.     Z-DISPL.     XX-ROT.      YY-ROT.      ZZ-ROT.


 MINIMUM/MAXIMUM DISPLACEMENTS

  NODE       146         1338            6            1            1            1
  MIN.  -7.27967E-07 -9.93086E-03 -2.49026E-04   0.0000       0.0000       0.0000    

  NODE       291        11316        14027        17274        17274        17274
  MAX.   7.32758E-07  9.07852E-08  2.06148E-05   0.0000       0.0000       0.0000    

 MAXIMUM RESULTANT DISPLACEMENT

  NODE      1338
  MAX.   9.93172E-03


         R E A C T I O N   F O R C E

  TOTAL   CSYS         FX             FY             FZ
           0       0.2027E-02      1.228         0.1276E-03

 TOTAL STRAIN ENERGY. . . . . . . . . . . =  0.533132E-02



********************************************************************************
 MAXIMUM NODAL VON MISES STRESS & ERROR ESTIMATE FOR LOAD CASE   1
********************************************************************************

  NODE       296
  MAX.     0.27096E+08



   E R R O R    E S T I M A T I O N
   (for requested elements)

   Total Strain Energy (TSE)        =  0.533132E-02
   Total Error Energy (TEE)         =  0.367529E-05
   Ave. Percentage Error (APE)      =  0.185626E+01
     ( APE =  sqrt (TEE/(TSE*2. + TEE)) * 100. )
     TIME FOR LCP CONTACT (AND/OR LRG DISP) OPERATIONS (Results) .=     474


   SOLVER TYPE ACTUALLY USED . . . . . . . . . .(FISOL)  =           5
      EQ. 0, DIRECT SPARSE SOLVER                         
      EQ. 1, DIRECT SKYLINE SOLVER                        
      EQ. 2, ITERATIVE SOLVER                             
      EQ. 3, EXPLICIT INTEGRATION                         
      EQ. 4, LARGE PROBLEM DIRECT SPARSE SOLVER           
      EQ. 5, INTEL DIRECT SPARSE SOLVER                   
      EQ. 6, INTEL NETWORK SPARSE SOLVER                  




********************************************************************************
   MFLOP Rate of Matrix Decomposition . . . . . . . (MF/Sec)=       0.0
********************************************************************************


                             S O L U T I O N    T I M E   L O G    I N    S E C O N D S
  DEFINITIONS
     INP_PHASE=TIME FOR INPUT PHASE
     STF_PHASE=TIME FOR CALCULATION OF STRUCTURE STIFFNESS MATRIX
     REN_PHASE=TIME FOR REORDERING EQUATIONS
     SOL_PHASE=TIME FOR INTEL DIRECT SPARSE SOLUTION
     CNT_PHASE=TIME FOR LCP CONTACT (AND/OR LRG DISP) OPERATIONS
     REC_PHASE=TIME FOR REACTION FORCE & DISP UPDATE TO POST
     STS_PHASE=TIME FOR STRESS CALCULATION
     LCS_PHASE=TIME FOR LOAD CASE SOLUTIONS
     TOT_TIME =TOTAL SOLUTION TIME

          INP_PHASE STF_PHASE REN_PHASE SOL_PHASE CNT_PHASE REC_PHASE STS_PHASE LCS_PHASE  TOT_TIME 
                  0         1         0         0         0         0         0         0         5
                                                      (   0: 0: 5)



   MAXIMUM MEMORY USED IN MEGABYTES . . . . . . (MAXMB)  =         176

