
****************************************************************
****************************************************************
**                                                            **
**                                                            **
**        CCC     OO      SSS    M    M     OO      SSS       **
**       C       O  O    S       MM  MM    O  O    S          **
**       C       O  O     SS     M MM M    O  O     SS        **
**       C       O  O       S    M    M    O  O       S       **
**        CCC     OO     SSS     M    M     OO     SSS        **
**                                                            **
**                                                            **
**             SOLIDWORKS Simulation 2025 SP4.1               **
**                 Simulation Premium Package                 **
**           Distributed By: SOLIDWORKS Corporation           **
**               21255 Burbank Blvd Suite 400                 **
**               Woodland Hills, California 91367             **
**               Telephone Number (774)556-3100               **
**         Copyright 1988-2018 SOLIDWORKS Corporation         **
**                                                            **
****************************************************************
****************************************************************

Problem name: C:\Users\bexte\Geng 360 shtuff\geng360-k
Date        : 03/22/2026     Time:   17:22:40


 SYSTEM OF UNITS:
 International System of Units, SI, is used for all input/output data.
 Common Quantities:
 Length:meter, Mass:kilogram, Time:second, Temperature:kelvin
 Force:newton, Pressure also stress:pascal, Energy:joule, Power:watt

 NUMBER OF PHYSICAL CORES USED TO RUN SIMULATION:  6

  C O N T R O L  I N F O R M A T I O N                  

   CURRENT RESTRAINT SET . . . . . . . . . . . (BC_SET)  =           1

   NUMBER OF LOAD CASES  . . . . . . . . . . . (NLCASE)  =           1
   SOLUTION MODE . . . . . . . . . . . . . . . (MODEX)   =           2
      EQ. 0, STATIC ANALYSIS                              
      EQ. 1, BUCKLING ANALYSIS                            
      EQ. 2, DYNAMIC ANALYSIS                             
      EQ. 3, DROP TEST                                    

   SOLVER TYPE . . . . . . . . . . . . . . . . .(ISOL)   =           2
      EQ. 0, DIRECT SPARSE SOLVER                         
      EQ. 1, DIRECT SKYLINE SOLVER                        
      EQ. 2, ITERATIVE SOLVER                             
      EQ. 3, EXPLICIT INTEGRATION                         
      EQ. 4, LARGE PROBLEM DIRECT SPARSE SOLVER           
      EQ. 5, INTEL DIRECT SPARSE SOLVER                   
      EQ. 6, INTEL NETWORK SPARSE SOLVER                  
      EQ. 7, SINGULAR VALUE DECOMPOSTION (SVD)            

   ITERATIVE SOLUTION MODE . . . . . . . . . . (IMODE)   =           2
      EQ. 1, GENERAL                                      
      EQ. 2, MEMORY SAVER (FOR TETRA10)                   
      EQ. 3, ULTRA-MEMORY SAVER (FOR TETRA10)             

   THERMAL LOADING FLAG . . . . . . . . . . . .(ITHERM)  =           0
      EQ. 0, NO THERMAL EFFECTS CONSIDERED                
      EQ. 1, ADD TEMPERATURE EFFECT                       
   GRAVITY LOADING FLAG . . . . . . . . . . . .(IGRAV)   =           0
      EQ. 0, NO GRAVITY LOADING CONSIDERED                
      EQ. 1, ADD GRAVITY LOADING EFFECT                   
   CENTRIFUGAL LOADING FLAG . . . . . . . . . .(ICNTRF)  =           0
      EQ. 0, NO CENTRIFUGAL LOADING CONSIDERED            
      EQ. 1, ADD CENTRIFUGAL LOADING EFFECT               
   IN-PLANE STIFFENING FLAG . . . . . . . . . .(INPLN)   =           0
      EQ. 0, NO IN-PLANE EFFECTS CONSIDERED               
      EQ. 1, IN-PLANE EFFECTS CONSIDERED                  
   SOFT SPRING ADDITION FLAG . . . . . . . . . (ISOFT)   =           0
      EQ. 0, NO SOFT SPRING OPTION                        
      EQ. 1, SOFT SPRING ADDED                            

   SAVE DECOMPOSED STIFFNESS MATRIX FLAG . . . (ISAVK)   =           0
      EQ. 0, DO NOT SAVE DECOMPOSED K                     
      EQ. 1, SAVE DECOMPOSED K                            
   FORM STIFFNESS MATRIX FLAG . . . . . . . . .(IFORMK)  =           0
      EQ. 0, FORM STIFFNESS MATRIX                        
      EQ. 1, USE EXISTING DECOMPOSED STIFFNESS MATRIX     

   SPIN SOFTENING FLAG . . . . . . . . . . . . (ISPIN)   =           0
      EQ. 0, NO SPIN SOFTENING EFFECTS CONSIDERED         
      EQ. 1, SPIN SOFTENING EFFECTS CONSIDERED            
   INERTIA RELIEF FLAG  . . . . . . . . . . . .(IFORMK)  =           0
      EQ. 0, NO INERITA RELIEF EFFECTS CONSIDERED         
      EQ. 1, INERITA RELIEF EFFECTS CONSIDERED            
   RIGID CONNECTIONS FLAG  . . . . . . . . . . (IRIGID)  =           0
      EQ. 0, HINGE CONNECTIONS BETWEEN SOLIDS & SHELLS    
      EQ. 1, RIGID CONNECTIONS BETWEEN SOLIDS & SHELLS    


  T O T A L  S Y S T E M  D A T A                        
   NUMBER OF EQUATIONS . . . . . . . . . . . . . .(NEQ)  =       59253
   NUMBER OF ELEMENTS. . . . . . . . . . . . . . .(NUME) =       11091
   NUMBER OF NODAL POINTS. . . . . . . . . . . . .(NUMNP)=       19798
1

    -------------------------------------------------------------------------
    |            M A S S   M O M E N T   I N F O R M A T I O N              |
    |-----------------------------------------------------------------------|
    |MASS    0.262406E-01   |VOLUME  0.971873E-05   |WEIGHT  0.000000E+00   |
    |-----------------------------------------------------------------------|
    | MASS MOMENT OF INERTIA W.R.T. C.G.                                    |
    |-----------------------------------------------------------------------|
    |IX      0.211510E-03   |IY      0.211839E-03   |IZ      0.349323E-06   |
    |-----------------------------------------------------------------------|
    | MASS PRODUCT OF INERTIA W.R.T. C.G.                                   |
    |-----------------------------------------------------------------------|
    |PXY     0.133098E-10   |PXZ     0.690704E-10   |PYZ     0.439754E-11   |
    |-----------------------------------------------------------------------|
    | RADII OF GYRATION W.R.T. C.G.                                         |
    |-----------------------------------------------------------------------|
    |RX      0.897798E-01   |RY      0.898496E-01   |RZ      0.364860E-02   |
    |-----------------------------------------------------------------------|
    | CENTER OF GRAVITY                                                     |
    |-----------------------------------------------------------------------|
    |CGx     0.624999E-02   |CGy     0.125000E-02   |CGz     0.155500E+00   |
    |-----------------------------------------------------------------------|
    | PRINCIPAL MASS MOMENT OF INERTIA                                      |
    |-----------------------------------------------------------------------|
    |P1      0.211839E-03   |P2      0.211511E-03   |P3      0.349314E-06   |
    |-----------------------------------------------------------------------|
    | PRINCIPAL RADII OF GYRATION                                           |
    |-----------------------------------------------------------------------|
    |R1      0.898495E-01   |R2      0.897799E-01   |R3      0.364856E-02   |
    |-----------------------------------------------------------------------|
    | PRINCIPAL AXES (DIRECTION COSINES IN ROWS W.R.T C.G)                  |
    |-----------------------------------------------------------------------|
    |N_11    0.999060E+00   |N_12    0.433438E-01   |N_13   -0.327184E-06   |
    |-----------------------------------------------------------------------|
    |N_21    0.100000E+01   |N_22    0.405084E-04   |N_23   -0.327099E-06   |
    |-----------------------------------------------------------------------|
    |N_31   -0.141644E-07   |N_32   -0.393186E-09   |N_33   -0.433033E-01   |
    -------------------------------------------------------------------------

  F R E Q U E N C Y   A N A L Y S I S  
                 by 
 L A N C Z O S   A L G O R I T H M


     FREQUENCY       FREQUENCY       FREQUENCY       PERIOD
      NUMBER         (RAD/SEC)      (CYCLES/SEC)    (SECONDS)

         1        0.1330392E+03    0.2117385E+02  0.4722806E-01
         2        0.6630583E+03    0.1055290E+03  0.9476068E-02
         3        0.8334632E+03    0.1326498E+03  0.7538648E-02
         4        0.2332882E+04    0.3712896E+03  0.2693315E-02
         5        0.4123873E+04    0.6563347E+03  0.1523613E-02


        ************************************************************
        *      M O D A L   B A S E   P A R T I C I P A T I O N     *
        ************************************************************

 MODE          PARTICIPATION FACTORS                     MODAL MASSES
  No.      x-dir       y-dir       z_dir          Mx        My        Mz

    1   -.22797E-06 -.12674     -.34887E-07   .51972E-13 .16063E-01 .12171E-14
    2   -.12680     -.20225E-05 0.73328E-08   .16079E-01 .40903E-11 .53770E-16
    3   0.30916E-05 -.70259E-01 -.44782E-08   .95582E-11 .49364E-02 .20055E-16
    4   0.62259E-06 0.41216E-01 0.94310E-07   .38762E-12 .16988E-02 .88943E-14
    5   0.70421E-01 0.37871E-05 -.18018E-05   .49591E-02 .14342E-10 .32464E-11
                                              __________ __________ __________

                      TOTAL EFFECTIVE MASS  = .21038E-01 .22698E-01 .32566E-11


                                                          *
               INDIVIDUAL MODAL MASS            CUMULATIVE  EFFECTIVE MASS
               ---------------------            --------------------------
                    TOTAL MASS                         TOTAL MASS        

 MODE        Mx          My         Mz         Cum. Mx    Cum. My    Cum. Mz
  No.       ----        ----       ----        -------    -------    -------
            MASS        MASS       MASS          MASS       MASS       MASS

    1      0.198E-11   0.612       0.464E-13    0.198E-11  0.612      0.464E-13
    2      0.613       0.156E-09   0.205E-14    0.613      0.612      0.484E-13
    3      0.364E-09   0.188       0.764E-15    0.613      0.800      0.492E-13
    4      0.148E-10   0.647E-01   0.339E-12    0.613      0.865      0.388E-12
    5      0.189       0.547E-09   0.124E-09    0.802      0.865      0.124E-09

                    TOTAL EFFECTIVE MASS
                    --------------------  =     0.802      0.865      0.000
                         TOTAL MASS       


 Note: Cumulative value at each mode is the sum of the values
       up to and including that mode
 _____________________________________________________________________________




T O T A L   S O L U T I O N   T I M E (sec) . . . . =       3
   MAXIMUM MEMORY USED IN MEGABYTES . . . . . . (MAXMB)  =         163

