
****************************************************************
****************************************************************
**                                                            **
**                                                            **
**        CCC     OO      SSS    M    M     OO      SSS       **
**       C       O  O    S       MM  MM    O  O    S          **
**       C       O  O     SS     M MM M    O  O     SS        **
**       C       O  O       S    M    M    O  O       S       **
**        CCC     OO     SSS     M    M     OO     SSS        **
**                                                            **
**                                                            **
**             SOLIDWORKS Simulation 2025 SP4.1               **
**                 Simulation Premium Package                 **
**           Distributed By: SOLIDWORKS Corporation           **
**               21255 Burbank Blvd Suite 400                 **
**               Woodland Hills, California 91367             **
**               Telephone Number (774)556-3100               **
**         Copyright 1988-2018 SOLIDWORKS Corporation         **
**                                                            **
****************************************************************
****************************************************************

Problem name: C:\Users\bexte\Geng 360 shtuff\geng360-k
Date        : 03/24/2026     Time:   15:11:59


 SYSTEM OF UNITS:
 International System of Units, SI, is used for all input/output data.
 Common Quantities:
 Length:meter, Mass:kilogram, Time:second, Temperature:kelvin
 Force:newton, Pressure also stress:pascal, Energy:joule, Power:watt

 NUMBER OF PHYSICAL CORES USED TO RUN SIMULATION:  6

    -------------------------------------------------------------------------
    |            M A S S   M O M E N T   I N F O R M A T I O N              |
    |-----------------------------------------------------------------------|
    |MASS    0.262406E-01   |VOLUME  0.971875E-05   |WEIGHT  0.257421E+00   |
    |-----------------------------------------------------------------------|
    | MASS MOMENT OF INERTIA W.R.T. C.G.                                    |
    |-----------------------------------------------------------------------|
    |IX      0.211509E-03   |IY      0.211837E-03   |IZ      0.349317E-06   |
    |-----------------------------------------------------------------------|
    | MASS PRODUCT OF INERTIA W.R.T. C.G.                                   |
    |-----------------------------------------------------------------------|
    |PXY     0.135631E-10   |PXZ     0.688000E-11   |PYZ     0.160642E-10   |
    |-----------------------------------------------------------------------|
    | RADII OF GYRATION W.R.T. C.G.                                         |
    |-----------------------------------------------------------------------|
    |RX      0.897796E-01   |RY      0.898491E-01   |RZ      0.364857E-02   |
    |-----------------------------------------------------------------------|
    | CENTER OF GRAVITY                                                     |
    |-----------------------------------------------------------------------|
    |CGx     0.625000E-02   |CGy     0.125000E-02   |CGz     0.155500E+00   |
    |-----------------------------------------------------------------------|
    | PRINCIPAL MASS MOMENT OF INERTIA                                      |
    |-----------------------------------------------------------------------|
    |P1      0.211836E-03   |P2      0.211510E-03   |P3      0.349308E-06   |
    |-----------------------------------------------------------------------|
    | PRINCIPAL RADII OF GYRATION                                           |
    |-----------------------------------------------------------------------|
    |R1      0.898490E-01   |R2      0.897797E-01   |R3      0.364852E-02   |
    |-----------------------------------------------------------------------|
    | PRINCIPAL AXES (DIRECTION COSINES IN ROWS W.R.T C.G)                  |
    |-----------------------------------------------------------------------|
    |N_11    0.999034E+00   |N_12    0.439506E-01   |N_13   -0.358385E-07   |
    |-----------------------------------------------------------------------|
    |N_21    0.100000E+01   |N_22    0.414810E-04   |N_23   -0.325850E-07   |
    |-----------------------------------------------------------------------|
    |N_31   -0.143064E-08   |N_32   -0.328499E-08   |N_33   -0.439092E-01   |
    -------------------------------------------------------------------------

    Note: In the above table, WEIGHT is computed based on the user
          defined acceleration for the first Load Case




  C O N T R O L  I N F O R M A T I O N                  

   CURRENT RESTRAINT SET . . . . . . . . . . . (BC_SET)  =           1

   NUMBER OF LOAD CASES  . . . . . . . . . . . (NLCASE)  =           1
   SOLUTION MODE . . . . . . . . . . . . . . . (MODEX)   =           0
      EQ. 0, STATIC ANALYSIS                              
      EQ. 1, BUCKLING ANALYSIS                            
      EQ. 2, DYNAMIC ANALYSIS                             
      EQ. 3, DROP TEST                                    

   SOLVER TYPE . . . . . . . . . . . . . . . . .(ISOL)   =           5
      EQ. 0, DIRECT SPARSE SOLVER                         
      EQ. 1, DIRECT SKYLINE SOLVER                        
      EQ. 2, ITERATIVE SOLVER                             
      EQ. 3, EXPLICIT INTEGRATION                         
      EQ. 4, LARGE PROBLEM DIRECT SPARSE SOLVER           
      EQ. 5, INTEL DIRECT SPARSE SOLVER                   
      EQ. 6, INTEL NETWORK SPARSE SOLVER                  
      EQ. 7, SINGULAR VALUE DECOMPOSTION (SVD)            

   THERMAL LOADING FLAG . . . . . . . . . . . .(ITHERM)  =           0
      EQ. 0, NO THERMAL EFFECTS CONSIDERED                
      EQ. 1, ADD TEMPERATURE EFFECT                       
   GRAVITY LOADING FLAG . . . . . . . . . . . .(IGRAV)   =           1
      EQ. 0, NO GRAVITY LOADING CONSIDERED                
      EQ. 1, ADD GRAVITY LOADING EFFECT                   
   CENTRIFUGAL LOADING FLAG . . . . . . . . . .(ICNTRF)  =           0
      EQ. 0, NO CENTRIFUGAL LOADING CONSIDERED            
      EQ. 1, ADD CENTRIFUGAL LOADING EFFECT               
   IN-PLANE STIFFENING FLAG . . . . . . . . . .(INPLN)   =           0
      EQ. 0, NO IN-PLANE EFFECTS CONSIDERED               
      EQ. 1, IN-PLANE EFFECTS CONSIDERED                  
   SOFT SPRING ADDITION FLAG . . . . . . . . . (ISOFT)   =           0
      EQ. 0, NO SOFT SPRING OPTION                        
      EQ. 1, SOFT SPRING ADDED                            

   SAVE DECOMPOSED STIFFNESS MATRIX FLAG . . . (ISAVK)   =           0
      EQ. 0, DO NOT SAVE DECOMPOSED K                     
      EQ. 1, SAVE DECOMPOSED K                            
   FORM STIFFNESS MATRIX FLAG . . . . . . . . .(IFORMK)  =           0
      EQ. 0, FORM STIFFNESS MATRIX                        
      EQ. 1, USE EXISTING DECOMPOSED STIFFNESS MATRIX     

   SPIN SOFTENING FLAG . . . . . . . . . . . . (ISPIN)   =           0
      EQ. 0, NO SPIN SOFTENING EFFECTS CONSIDERED         
      EQ. 1, SPIN SOFTENING EFFECTS CONSIDERED            
   INERTIA RELIEF FLAG  . . . . . . . . . . . .(IFORMK)  =           0
      EQ. 0, NO INERITA RELIEF EFFECTS CONSIDERED         
      EQ. 1, INERITA RELIEF EFFECTS CONSIDERED            
   RIGID CONNECTIONS FLAG  . . . . . . . . . . (IRIGID)  =           0
      EQ. 0, HINGE CONNECTIONS BETWEEN SOLIDS & SHELLS    
      EQ. 1, RIGID CONNECTIONS BETWEEN SOLIDS & SHELLS    


  T O T A L  S Y S T E M  D A T A                        
   NUMBER OF EQUATIONS . . . . . . . . . . . . . .(NEQ)  =       59253
   MEAN HALF BANDWIDTH . . . . . . . . . . . . . .(MM )  =          86
   NUMBER OF ELEMENTS. . . . . . . . . . . . . . .(NUME) =       11091
   NUMBER OF NODAL POINTS. . . . . . . . . . . . .(NUMNP)=       19798

   ORIGINAL NO. OF MATRIX ELEMENTS . . . . . . . .(NWK)  =     2185346
   NUMBER OF PARTS  . . . . . . . . . . . . .  (NPARTS)  =           1




  S O L U T I O N   T I M E   l O G   (In Second)

  Input Phase and Contact/Bond/Connector set up .......=    0.8
  Stiffness + Contact + Connectors Computation  .......=    0.2
  SVD Solver ..........................................=    0.0
  Re-organization of Modeshapes .......................=    0.0

  TOTAL SOLUTION ......................................=    0.9




************************************************************************
    D I S P L A C E M E N T     P R I N T O U T    (LOAD CASE     1)
************************************************************************




************************************************************************
    D I S P L A C E M E N T     P R I N T O U T    (LOAD CASE     1)
************************************************************************


  STATUS OF THERMAL EFFECTS FOR THIS LOAD CASE:
  ---------------------------------------------

    - Thermal flag is off (no thermal effect)



 TOTAL STRAIN ENERGY. . . . . . . . . . . =  0.170808E-03

             D I S P L A C E M E N T S

     NODE X-DISPL.     Y-DISPL.     Z-DISPL.     XX-ROT.      YY-ROT.      ZZ-ROT.


 MINIMUM/MAXIMUM DISPLACEMENTS

  NODE     10461         1478        11449            1            1            1
  MIN.  -1.45983E-07 -1.72819E-03 -9.86054E-06   0.0000       0.0000       0.0000    

  NODE      9662        18222        14479        19798        19798        19798
  MAX.   1.45603E-07  1.93207E-08  9.86072E-06   0.0000       0.0000       0.0000    

 MAXIMUM RESULTANT DISPLACEMENT

  NODE      1478
  MAX.   1.72822E-03




********************************************************************************
         R E A C T I O N   F O R C E   F O R   LOAD CASE NO.  1
********************************************************************************

    NODE CSYS    Fx         Fy         Fz         Mx         My         Mz

 FOR REQUESTED                 (Global Cartesian Coord. System)
    NODES         FX         FY         FZ         MX         MY         MZ
 Total React. -.1341E-06 0.3555E+00 -.2384E-06 0.0000E+00 0.0000E+00 0.0000E+00
  



********************************************************************************
 MAXIMUM NODAL VON MISES STRESS & ERROR ESTIMATE FOR LOAD CASE   1
********************************************************************************

  NODE     19644
  MAX.     0.53244E+07



   E R R O R    E S T I M A T I O N
   (for requested elements)

   Total Strain Energy (TSE)        =  0.170808E-03
   Total Error Energy (TEE)         =  0.120555E-06
   Ave. Percentage Error (APE)      =  0.187822E+01
     ( APE =  sqrt (TEE/(TSE*2. + TEE)) * 100. )

   SOLVER TYPE ACTUALLY USED . . . . . . . . . .(FISOL)  =           5
      EQ. 0, DIRECT SPARSE SOLVER                         
      EQ. 1, DIRECT SKYLINE SOLVER                        
      EQ. 2, ITERATIVE SOLVER                             
      EQ. 3, EXPLICIT INTEGRATION                         
      EQ. 4, LARGE PROBLEM DIRECT SPARSE SOLVER           
      EQ. 5, INTEL DIRECT SPARSE SOLVER                   
      EQ. 6, INTEL NETWORK SPARSE SOLVER                  




********************************************************************************
   MFLOP Rate of Matrix Decomposition . . . . . . . (MF/Sec)=       0.0
********************************************************************************


                             S O L U T I O N    T I M E   L O G    I N    S E C O N D S
  DEFINITIONS
     INP_PHASE=TIME FOR INPUT PHASE
     STF_PHASE=TIME FOR CALCULATION OF STRUCTURE STIFFNESS MATRIX
     REN_PHASE=TIME FOR REORDERING EQUATIONS
     SOL_PHASE=TIME FOR INTEL DIRECT SPARSE SOLUTION
     CNT_PHASE=TIME FOR LCP CONTACT (AND/OR LRG DISP) OPERATIONS
     REC_PHASE=TIME FOR REACTION FORCE & DISP UPDATE TO POST
     STS_PHASE=TIME FOR STRESS CALCULATION
     LCS_PHASE=TIME FOR LOAD CASE SOLUTIONS
     TOT_TIME =TOTAL SOLUTION TIME

          INP_PHASE STF_PHASE REN_PHASE SOL_PHASE CNT_PHASE REC_PHASE STS_PHASE LCS_PHASE  TOT_TIME 
                  0         0         0         0         0         0         0         0         1
                                                      (   0: 0: 1)



   MAXIMUM MEMORY USED IN MEGABYTES . . . . . . (MAXMB)  =          44

